00:00 +0: loading /Users/andrejprus/Library/CloudStorage/Dropbox/projects/allmoviesmobile/test/repository/tmdb_repository_test.dart                                                                    00:01 +0: loading /Users/andrejprus/Library/CloudStorage/Dropbox/projects/allmoviesmobile/test/repository/tmdb_repository_test.dart                                                                    00:02 +0: loading /Users/andrejprus/Library/CloudStorage/Dropbox/projects/allmoviesmobile/test/repository/tmdb_repository_test.dart                                                                    00:03 +0: loading /Users/andrejprus/Library/CloudStorage/Dropbox/projects/allmoviesmobile/test/repository/tmdb_repository_test.dart                                                                    00:03 +0: /Users/andrejprus/Library/CloudStorage/Dropbox/projects/allmoviesmobile/test/repository/tmdb_repository_test.dart: TmdbRepository fetchTrendingMovies maps results                           00:03 +0: /Users/andrejprus/Library/CloudStorage/Dropbox/projects/allmoviesmobile/test/repository/tmdb_repository_test.dart: TmdbRepository fetchTrendingMovies maps results                           
┌───────────────────────────────────────────────────────────────────────────────────────────────────────────────────────
│ #0   CacheService.get (package:allmovies_mobile/data/services/cache_service.dart:28:15)
│ #1   TmdbRepository._getCached (package:allmovies_mobile/data/tmdb_repository.dart:90:43)
├┄┄┄┄┄┄┄┄┄┄┄┄┄┄┄┄┄┄┄┄┄┄┄┄┄┄┄┄┄┄┄┄┄┄┄┄┄┄┄┄┄┄┄┄┄┄┄┄┄┄┄┄┄┄┄┄┄┄┄┄┄┄┄┄┄┄┄┄┄┄┄┄┄┄┄┄┄┄┄┄┄┄┄┄┄┄┄┄┄┄┄┄┄┄┄┄┄┄┄┄┄┄┄┄┄┄┄┄┄┄┄┄┄┄┄┄┄┄┄
│ 🐛 Cache miss: trending::movie::day::1
└───────────────────────────────────────────────────────────────────────────────────────────────────────────────────────
┌───────────────────────────────────────────────────────────────────────────────────────────────────────────────────────
│ #0   CacheService.set (package:allmovies_mobile/data/services/cache_service.dart:52:13)
│ #1   TmdbRepository._setCached (package:allmovies_mobile/data/tmdb_repository.dart:93:13)
├┄┄┄┄┄┄┄┄┄┄┄┄┄┄┄┄┄┄┄┄┄┄┄┄┄┄┄┄┄┄┄┄┄┄┄┄┄┄┄┄┄┄┄┄┄┄┄┄┄┄┄┄┄┄┄┄┄┄┄┄┄┄┄┄┄┄┄┄┄┄┄┄┄┄┄┄┄┄┄┄┄┄┄┄┄┄┄┄┄┄┄┄┄┄┄┄┄┄┄┄┄┄┄┄┄┄┄┄┄┄┄┄┄┄┄┄┄┄┄
│ 🐛 Cache set: trending::movie::day::1 (TTL: 1800s)
└───────────────────────────────────────────────────────────────────────────────────────────────────────────────────────
00:03 +1: /Users/andrejprus/Library/CloudStorage/Dropbox/projects/allmoviesmobile/test/repository/tmdb_repository_test.dart: TmdbRepository fetchTrendingMovies maps results                           00:03 +1: /Users/andrejprus/Library/CloudStorage/Dropbox/projects/allmoviesmobile/test/repository/tmdb_repository_test.dart: TmdbRepository caching returns same instance without forceRefresh         00:03 +1: /Users/andrejprus/Library/CloudStorage/Dropbox/projects/allmoviesmobile/test/repository/tmdb_repository_test.dart: TmdbRepository caching returns same instance without forceRefresh         
┌───────────────────────────────────────────────────────────────────────────────────────────────────────────────────────
│ #0   CacheService.get (package:allmovies_mobile/data/services/cache_service.dart:28:15)
│ #1   TmdbRepository._getCached (package:allmovies_mobile/data/tmdb_repository.dart:90:43)
├┄┄┄┄┄┄┄┄┄┄┄┄┄┄┄┄┄┄┄┄┄┄┄┄┄┄┄┄┄┄┄┄┄┄┄┄┄┄┄┄┄┄┄┄┄┄┄┄┄┄┄┄┄┄┄┄┄┄┄┄┄┄┄┄┄┄┄┄┄┄┄┄┄┄┄┄┄┄┄┄┄┄┄┄┄┄┄┄┄┄┄┄┄┄┄┄┄┄┄┄┄┄┄┄┄┄┄┄┄┄┄┄┄┄┄┄┄┄┄
│ 🐛 Cache miss: discover_movie::page=1&sort_by=popularity.desc
└───────────────────────────────────────────────────────────────────────────────────────────────────────────────────────
┌───────────────────────────────────────────────────────────────────────────────────────────────────────────────────────
│ #0   CacheService.set (package:allmovies_mobile/data/services/cache_service.dart:52:13)
│ #1   TmdbRepository._setCached (package:allmovies_mobile/data/tmdb_repository.dart:93:13)
├┄┄┄┄┄┄┄┄┄┄┄┄┄┄┄┄┄┄┄┄┄┄┄┄┄┄┄┄┄┄┄┄┄┄┄┄┄┄┄┄┄┄┄┄┄┄┄┄┄┄┄┄┄┄┄┄┄┄┄┄┄┄┄┄┄┄┄┄┄┄┄┄┄┄┄┄┄┄┄┄┄┄┄┄┄┄┄┄┄┄┄┄┄┄┄┄┄┄┄┄┄┄┄┄┄┄┄┄┄┄┄┄┄┄┄┄┄┄┄
│ 🐛 Cache set: discover_movie::page=1&sort_by=popularity.desc (TTL: 300s)
└───────────────────────────────────────────────────────────────────────────────────────────────────────────────────────
┌───────────────────────────────────────────────────────────────────────────────────────────────────────────────────────
│ #0   CacheService.get (package:allmovies_mobile/data/services/cache_service.dart:38:13)
│ #1   TmdbRepository._getCached (package:allmovies_mobile/data/tmdb_repository.dart:90:43)
├┄┄┄┄┄┄┄┄┄┄┄┄┄┄┄┄┄┄┄┄┄┄┄┄┄┄┄┄┄┄┄┄┄┄┄┄┄┄┄┄┄┄┄┄┄┄┄┄┄┄┄┄┄┄┄┄┄┄┄┄┄┄┄┄┄┄┄┄┄┄┄┄┄┄┄┄┄┄┄┄┄┄┄┄┄┄┄┄┄┄┄┄┄┄┄┄┄┄┄┄┄┄┄┄┄┄┄┄┄┄┄┄┄┄┄┄┄┄┄
│ 🐛 Cache hit: discover_movie::page=1&sort_by=popularity.desc
└───────────────────────────────────────────────────────────────────────────────────────────────────────────────────────
00:03 +2: /Users/andrejprus/Library/CloudStorage/Dropbox/projects/allmoviesmobile/test/repository/tmdb_repository_test.dart: TmdbRepository caching returns same instance without forceRefresh         00:03 +2: /Users/andrejprus/Library/CloudStorage/Dropbox/projects/allmoviesmobile/test/repository/tmdb_repository_test.dart: TmdbRepository non-200 response throws TmdbException                      00:03 +2: /Users/andrejprus/Library/CloudStorage/Dropbox/projects/allmoviesmobile/test/repository/tmdb_repository_test.dart: TmdbRepository non-200 response throws TmdbException                      
┌───────────────────────────────────────────────────────────────────────────────────────────────────────────────────────
│ #0   CacheService.get (package:allmovies_mobile/data/services/cache_service.dart:28:15)
│ #1   TmdbRepository._getCached (package:allmovies_mobile/data/tmdb_repository.dart:90:43)
├┄┄┄┄┄┄┄┄┄┄┄┄┄┄┄┄┄┄┄┄┄┄┄┄┄┄┄┄┄┄┄┄┄┄┄┄┄┄┄┄┄┄┄┄┄┄┄┄┄┄┄┄┄┄┄┄┄┄┄┄┄┄┄┄┄┄┄┄┄┄┄┄┄┄┄┄┄┄┄┄┄┄┄┄┄┄┄┄┄┄┄┄┄┄┄┄┄┄┄┄┄┄┄┄┄┄┄┄┄┄┄┄┄┄┄┄┄┄┄
│ 🐛 Cache miss: trending::movie::day::1
└───────────────────────────────────────────────────────────────────────────────────────────────────────────────────────
00:03 +3: /Users/andrejprus/Library/CloudStorage/Dropbox/projects/allmoviesmobile/test/repository/tmdb_repository_test.dart: TmdbRepository non-200 response throws TmdbException                      00:03 +3: loading /Users/andrejprus/Library/CloudStorage/Dropbox/projects/allmoviesmobile/test/providers/movies_provider_test.dart                                                                     00:04 +3: loading /Users/andrejprus/Library/CloudStorage/Dropbox/projects/allmoviesmobile/test/providers/movies_provider_test.dart                                                                     00:05 +3: loading /Users/andrejprus/Library/CloudStorage/Dropbox/projects/allmoviesmobile/test/providers/movies_provider_test.dart                                                                     00:05 +3: /Users/andrejprus/Library/CloudStorage/Dropbox/projects/allmoviesmobile/test/providers/movies_provider_test.dart: MoviesProvider loads sections and reacts to region + window                00:05 +4: /Users/andrejprus/Library/CloudStorage/Dropbox/projects/allmoviesmobile/test/providers/movies_provider_test.dart: MoviesProvider loads sections and reacts to region + window                00:05 +4: loading /Users/andrejprus/Library/CloudStorage/Dropbox/projects/allmoviesmobile/test/providers/watch_region_provider_test.dart                                                               00:06 +4: loading /Users/andrejprus/Library/CloudStorage/Dropbox/projects/allmoviesmobile/test/providers/watch_region_provider_test.dart                                                               00:07 +4: loading /Users/andrejprus/Library/CloudStorage/Dropbox/projects/allmoviesmobile/test/providers/watch_region_provider_test.dart                                                               00:07 +4: /Users/andrejprus/Library/CloudStorage/Dropbox/projects/allmoviesmobile/test/providers/watch_region_provider_test.dart: WatchRegionProvider initializes from prefs and updates               00:07 +5: /Users/andrejprus/Library/CloudStorage/Dropbox/projects/allmoviesmobile/test/providers/watch_region_provider_test.dart: WatchRegionProvider initializes from prefs and updates               00:07 +5: loading /Users/andrejprus/Library/CloudStorage/Dropbox/projects/allmoviesmobile/test/providers/genres_provider_test.dart                                                                     00:08 +5: loading /Users/andrejprus/Library/CloudStorage/Dropbox/projects/allmoviesmobile/test/providers/genres_provider_test.dart                                                                     00:08 +5: /Users/andrejprus/Library/CloudStorage/Dropbox/projects/allmoviesmobile/test/providers/genres_provider_test.dart: GenresProvider loads and maps names                                        00:08 +6: /Users/andrejprus/Library/CloudStorage/Dropbox/projects/allmoviesmobile/test/providers/genres_provider_test.dart: GenresProvider loads and maps names                                        00:08 +6: loading /Users/andrejprus/Library/CloudStorage/Dropbox/projects/allmoviesmobile/test/providers/series_provider_test.dart                                                                     00:09 +6: loading /Users/andrejprus/Library/CloudStorage/Dropbox/projects/allmoviesmobile/test/providers/series_provider_test.dart                                                                     00:09 +6: /Users/andrejprus/Library/CloudStorage/Dropbox/projects/allmoviesmobile/test/providers/series_provider_test.dart: SeriesProvider initial refresh populates series sections                   00:09 +7: /Users/andrejprus/Library/CloudStorage/Dropbox/projects/allmoviesmobile/test/providers/series_provider_test.dart: SeriesProvider initial refresh populates series sections                   00:09 +7: /Users/andrejprus/Library/CloudStorage/Dropbox/projects/allmoviesmobile/test/providers/series_provider_test.dart: SeriesProvider applyNetworkFilter loads network shows into popular section 00:09 +8: /Users/andrejprus/Library/CloudStorage/Dropbox/projects/allmoviesmobile/test/providers/series_provider_test.dart: SeriesProvider applyNetworkFilter loads network shows into popular section 00:09 +8: loading /Users/andrejprus/Library/CloudStorage/Dropbox/projects/allmoviesmobile/test/providers/trending_titles_provider_test.dart                                                            00:10 +8: loading /Users/andrejprus/Library/CloudStorage/Dropbox/projects/allmoviesmobile/test/providers/trending_titles_provider_test.dart                                                            00:11 +8: loading /Users/andrejprus/Library/CloudStorage/Dropbox/projects/allmoviesmobile/test/providers/trending_titles_provider_test.dart                                                            00:11 +8: /Users/andrejprus/Library/CloudStorage/Dropbox/projects/allmoviesmobile/test/providers/trending_titles_provider_test.dart: TrendingTitlesProvider loads and refreshes                        00:11 +9: /Users/andrejprus/Library/CloudStorage/Dropbox/projects/allmoviesmobile/test/providers/trending_titles_provider_test.dart: TrendingTitlesProvider loads and refreshes                        00:11 +9: loading /Users/andrejprus/Library/CloudStorage/Dropbox/projects/allmoviesmobile/test/providers/people_provider_test.dart                                                                     00:12 +9: loading /Users/andrejprus/Library/CloudStorage/Dropbox/projects/allmoviesmobile/test/providers/people_provider_test.dart                                                                     00:12 +9: /Users/andrejprus/Library/CloudStorage/Dropbox/projects/allmoviesmobile/test/providers/people_provider_test.dart: PeopleProvider loads sections                                              00:12 +10: /Users/andrejprus/Library/CloudStorage/Dropbox/projects/allmoviesmobile/test/providers/people_provider_test.dart: PeopleProvider loads sections                                             00:12 +10: loading /Users/andrejprus/Library/CloudStorage/Dropbox/projects/allmoviesmobile/test/providers/favorites_provider_test.dart                                                                 00:13 +10: loading /Users/andrejprus/Library/CloudStorage/Dropbox/projects/allmoviesmobile/test/providers/favorites_provider_test.dart                                                                 00:14 +10: loading /Users/andrejprus/Library/CloudStorage/Dropbox/projects/allmoviesmobile/test/providers/favorites_provider_test.dart                                                                 00:14 +10: /Users/andrejprus/Library/CloudStorage/Dropbox/projects/allmoviesmobile/test/providers/favorites_provider_test.dart: FavoritesProvider Tests should start with empty favorites              00:14 +11: /Users/andrejprus/Library/CloudStorage/Dropbox/projects/allmoviesmobile/test/providers/favorites_provider_test.dart: FavoritesProvider Tests should start with empty favorites              00:14 +11: /Users/andrejprus/Library/CloudStorage/Dropbox/projects/allmoviesmobile/test/providers/favorites_provider_test.dart: FavoritesProvider Tests should add movie to favorites                  00:14 +12: /Users/andrejprus/Library/CloudStorage/Dropbox/projects/allmoviesmobile/test/providers/favorites_provider_test.dart: FavoritesProvider Tests should add movie to favorites                  00:14 +12: /Users/andrejprus/Library/CloudStorage/Dropbox/projects/allmoviesmobile/test/providers/favorites_provider_test.dart: FavoritesProvider Tests should remove movie from favorites             00:14 +13: /Users/andrejprus/Library/CloudStorage/Dropbox/projects/allmoviesmobile/test/providers/favorites_provider_test.dart: FavoritesProvider Tests should remove movie from favorites             00:14 +13: /Users/andrejprus/Library/CloudStorage/Dropbox/projects/allmoviesmobile/test/providers/favorites_provider_test.dart: FavoritesProvider Tests should toggle favorite status                  00:14 +14: /Users/andrejprus/Library/CloudStorage/Dropbox/projects/allmoviesmobile/test/providers/favorites_provider_test.dart: FavoritesProvider Tests should toggle favorite status                  00:14 +14: /Users/andrejprus/Library/CloudStorage/Dropbox/projects/allmoviesmobile/test/providers/favorites_provider_test.dart: FavoritesProvider Tests should handle multiple favorites               00:14 +15: /Users/andrejprus/Library/CloudStorage/Dropbox/projects/allmoviesmobile/test/providers/favorites_provider_test.dart: FavoritesProvider Tests should handle multiple favorites               00:14 +15: /Users/andrejprus/Library/CloudStorage/Dropbox/projects/allmoviesmobile/test/providers/favorites_provider_test.dart: FavoritesProvider Tests should not add duplicate favorites             00:14 +16: /Users/andrejprus/Library/CloudStorage/Dropbox/projects/allmoviesmobile/test/providers/favorites_provider_test.dart: FavoritesProvider Tests should not add duplicate favorites             00:14 +16: /Users/andrejprus/Library/CloudStorage/Dropbox/projects/allmoviesmobile/test/providers/favorites_provider_test.dart: FavoritesProvider Tests should clear all favorites                     00:14 +17: /Users/andrejprus/Library/CloudStorage/Dropbox/projects/allmoviesmobile/test/providers/favorites_provider_test.dart: FavoritesProvider Tests should clear all favorites                     00:14 +17: /Users/andrejprus/Library/CloudStorage/Dropbox/projects/allmoviesmobile/test/providers/favorites_provider_test.dart: FavoritesProvider Tests should persist favorites                       00:14 +18: /Users/andrejprus/Library/CloudStorage/Dropbox/projects/allmoviesmobile/test/providers/favorites_provider_test.dart: FavoritesProvider Tests should persist favorites                       00:14 +18: /Users/andrejprus/Library/CloudStorage/Dropbox/projects/allmoviesmobile/test/providers/favorites_provider_test.dart: ... Tests should not throw when removing non-existent favorite         00:14 +19: /Users/andrejprus/Library/CloudStorage/Dropbox/projects/allmoviesmobile/test/providers/favorites_provider_test.dart: ... Tests should not throw when removing non-existent favorite         00:14 +19: loading /Users/andrejprus/Library/CloudStorage/Dropbox/projects/allmoviesmobile/test/providers/search_provider_test.dart                                                                    00:15 +19: loading /Users/andrejprus/Library/CloudStorage/Dropbox/projects/allmoviesmobile/test/providers/search_provider_test.dart                                                                    00:15 +19: /Users/andrejprus/Library/CloudStorage/Dropbox/projects/allmoviesmobile/test/providers/search_provider_test.dart: SearchProvider search populates results and history                       00:16 +19: /Users/andrejprus/Library/CloudStorage/Dropbox/projects/allmoviesmobile/test/providers/search_provider_test.dart: SearchProvider search populates results and history                       00:16 +20: /Users/andrejprus/Library/CloudStorage/Dropbox/projects/allmoviesmobile/test/providers/search_provider_test.dart: SearchProvider search populates results and history                       00:16 +20: loading /Users/andrejprus/Library/CloudStorage/Dropbox/projects/allmoviesmobile/test/providers/recommendations_provider_test.dart                                                           00:17 +20: loading /Users/andrejprus/Library/CloudStorage/Dropbox/projects/allmoviesmobile/test/providers/recommendations_provider_test.dart                                                           00:17 +20: /Users/andrejprus/Library/CloudStorage/Dropbox/projects/allmoviesmobile/test/providers/recommendations_provider_test.dart: ... when no favorites, returns popular as recommendations        00:17 +21: /Users/andrejprus/Library/CloudStorage/Dropbox/projects/allmoviesmobile/test/providers/recommendations_provider_test.dart: ... when no favorites, returns popular as recommendations        00:17 +21: /Users/andrejprus/Library/CloudStorage/Dropbox/projects/allmoviesmobile/test/providers/recommendations_provider_test.dart: ... exist, filters out favorites from trending recommendations   00:17 +22: /Users/andrejprus/Library/CloudStorage/Dropbox/projects/allmoviesmobile/test/providers/recommendations_provider_test.dart: ... exist, filters out favorites from trending recommendations   00:17 +22: loading /Users/andrejprus/Library/CloudStorage/Dropbox/projects/allmoviesmobile/test/providers/watchlist_provider_test.dart                                                                 00:18 +22: loading /Users/andrejprus/Library/CloudStorage/Dropbox/projects/allmoviesmobile/test/providers/watchlist_provider_test.dart                                                                 00:19 +22: loading /Users/andrejprus/Library/CloudStorage/Dropbox/projects/allmoviesmobile/test/providers/watchlist_provider_test.dart                                                                 00:19 +22: /Users/andrejprus/Library/CloudStorage/Dropbox/projects/allmoviesmobile/test/providers/watchlist_provider_test.dart: WatchlistProvider toggles and persists                                 00:19 +23: /Users/andrejprus/Library/CloudStorage/Dropbox/projects/allmoviesmobile/test/providers/watchlist_provider_test.dart: WatchlistProvider toggles and persists                                 00:19 +23: loading /Users/andrejprus/Library/CloudStorage/Dropbox/projects/allmoviesmobile/test/providers/companies_provider_test.dart                                                                 00:20 +23: loading /Users/andrejprus/Library/CloudStorage/Dropbox/projects/allmoviesmobile/test/providers/companies_provider_test.dart                                                                 00:20 +23: /Users/andrejprus/Library/CloudStorage/Dropbox/projects/allmoviesmobile/test/providers/companies_provider_test.dart: CompaniesProvider searchCompanies updates state                        00:20 +24: /Users/andrejprus/Library/CloudStorage/Dropbox/projects/allmoviesmobile/test/providers/companies_provider_test.dart: CompaniesProvider searchCompanies updates state                        00:20 +24: loading /Users/andrejprus/Library/CloudStorage/Dropbox/projects/allmoviesmobile/test/utils/local_storage_service_test.dart                                                                  00:21 +24: loading /Users/andrejprus/Library/CloudStorage/Dropbox/projects/allmoviesmobile/test/utils/local_storage_service_test.dart                                                                  00:22 +24: loading /Users/andrejprus/Library/CloudStorage/Dropbox/projects/allmoviesmobile/test/utils/local_storage_service_test.dart                                                                  00:22 +24: /Users/andrejprus/Library/CloudStorage/Dropbox/projects/allmoviesmobile/test/utils/local_storage_service_test.dart: LocalStorageService favorites add/remove and retrieval                  00:22 +25: /Users/andrejprus/Library/CloudStorage/Dropbox/projects/allmoviesmobile/test/utils/local_storage_service_test.dart: LocalStorageService favorites add/remove and retrieval                  00:22 +25: /Users/andrejprus/Library/CloudStorage/Dropbox/projects/allmoviesmobile/test/utils/local_storage_service_test.dart: LocalStorageService watchlist set/get                                   00:22 +26: /Users/andrejprus/Library/CloudStorage/Dropbox/projects/allmoviesmobile/test/utils/local_storage_service_test.dart: LocalStorageService watchlist set/get                                   00:22 +26: /Users/andrejprus/Library/CloudStorage/Dropbox/projects/allmoviesmobile/test/utils/local_storage_service_test.dart: LocalStorageService search history append/clear                         00:22 +27: /Users/andrejprus/Library/CloudStorage/Dropbox/projects/allmoviesmobile/test/utils/local_storage_service_test.dart: LocalStorageService search history append/clear                         00:22 +27: /Users/andrejprus/Library/CloudStorage/Dropbox/projects/allmoviesmobile/test/utils/local_storage_service_test.dart: LocalStorageService recently viewed add and trim                        00:22 +28: /Users/andrejprus/Library/CloudStorage/Dropbox/projects/allmoviesmobile/test/utils/local_storage_service_test.dart: LocalStorageService recently viewed add and trim                        00:22 +28: loading /Users/andrejprus/Library/CloudStorage/Dropbox/projects/allmoviesmobile/test/utils/cache_service_test.dart                                                                          00:23 +28: loading /Users/andrejprus/Library/CloudStorage/Dropbox/projects/allmoviesmobile/test/utils/cache_service_test.dart                                                                          00:23 +28: /Users/andrejprus/Library/CloudStorage/Dropbox/projects/allmoviesmobile/test/utils/cache_service_test.dart: CacheService in-memory TTL expires entries                                      00:23 +28: /Users/andrejprus/Library/CloudStorage/Dropbox/projects/allmoviesmobile/test/utils/cache_service_test.dart: CacheService in-memory TTL expires entries                                      
┌───────────────────────────────────────────────────────────────────────────────────────────────────────────────────────
│ #0   CacheService.set (package:allmovies_mobile/data/services/cache_service.dart:52:13)
│ #1   main.<anonymous closure>.<anonymous closure> (file:///Users/andrejprus/Library/CloudStorage/Dropbox/projects/allmoviesmobile/test/utils/cache_service_test.dart:11:13)
├┄┄┄┄┄┄┄┄┄┄┄┄┄┄┄┄┄┄┄┄┄┄┄┄┄┄┄┄┄┄┄┄┄┄┄┄┄┄┄┄┄┄┄┄┄┄┄┄┄┄┄┄┄┄┄┄┄┄┄┄┄┄┄┄┄┄┄┄┄┄┄┄┄┄┄┄┄┄┄┄┄┄┄┄┄┄┄┄┄┄┄┄┄┄┄┄┄┄┄┄┄┄┄┄┄┄┄┄┄┄┄┄┄┄┄┄┄┄┄
│ 🐛 Cache set: k (TTL: 1s)
└───────────────────────────────────────────────────────────────────────────────────────────────────────────────────────
┌───────────────────────────────────────────────────────────────────────────────────────────────────────────────────────
│ #0   CacheService.get (package:allmovies_mobile/data/services/cache_service.dart:38:13)
│ #1   main.<anonymous closure>.<anonymous closure> (file:///Users/andrejprus/Library/CloudStorage/Dropbox/projects/allmoviesmobile/test/utils/cache_service_test.dart:12:20)
├┄┄┄┄┄┄┄┄┄┄┄┄┄┄┄┄┄┄┄┄┄┄┄┄┄┄┄┄┄┄┄┄┄┄┄┄┄┄┄┄┄┄┄┄┄┄┄┄┄┄┄┄┄┄┄┄┄┄┄┄┄┄┄┄┄┄┄┄┄┄┄┄┄┄┄┄┄┄┄┄┄┄┄┄┄┄┄┄┄┄┄┄┄┄┄┄┄┄┄┄┄┄┄┄┄┄┄┄┄┄┄┄┄┄┄┄┄┄┄
│ 🐛 Cache hit: k
└───────────────────────────────────────────────────────────────────────────────────────────────────────────────────────
┌───────────────────────────────────────────────────────────────────────────────────────────────────────────────────────
│ #0   CacheService.get (package:allmovies_mobile/data/services/cache_service.dart:33:15)
│ #1   main.<anonymous closure>.<anonymous closure> (file:///Users/andrejprus/Library/CloudStorage/Dropbox/projects/allmoviesmobile/test/utils/cache_service_test.dart:14:20)
├┄┄┄┄┄┄┄┄┄┄┄┄┄┄┄┄┄┄┄┄┄┄┄┄┄┄┄┄┄┄┄┄┄┄┄┄┄┄┄┄┄┄┄┄┄┄┄┄┄┄┄┄┄┄┄┄┄┄┄┄┄┄┄┄┄┄┄┄┄┄┄┄┄┄┄┄┄┄┄┄┄┄┄┄┄┄┄┄┄┄┄┄┄┄┄┄┄┄┄┄┄┄┄┄┄┄┄┄┄┄┄┄┄┄┄┄┄┄┄
│ 🐛 Cache expired: k
└───────────────────────────────────────────────────────────────────────────────────────────────────────────────────────
00:26 +29: /Users/andrejprus/Library/CloudStorage/Dropbox/projects/allmoviesmobile/test/utils/cache_service_test.dart: CacheService in-memory TTL expires entries                                      00:26 +29: /Users/andrejprus/Library/CloudStorage/Dropbox/projects/allmoviesmobile/test/utils/cache_service_test.dart: CacheService persistent set/get honors TTL and cleanup                          00:26 +29: /Users/andrejprus/Library/CloudStorage/Dropbox/projects/allmoviesmobile/test/utils/cache_service_test.dart: CacheService persistent set/get honors TTL and cleanup                          
┌───────────────────────────────────────────────────────────────────────────────────────────────────────────────────────
│ #0   CacheService.setPersistent (package:allmovies_mobile/data/services/cache_service.dart:187:13)
│ #1   <asynchronous suspension>
├┄┄┄┄┄┄┄┄┄┄┄┄┄┄┄┄┄┄┄┄┄┄┄┄┄┄┄┄┄┄┄┄┄┄┄┄┄┄┄┄┄┄┄┄┄┄┄┄┄┄┄┄┄┄┄┄┄┄┄┄┄┄┄┄┄┄┄┄┄┄┄┄┄┄┄┄┄┄┄┄┄┄┄┄┄┄┄┄┄┄┄┄┄┄┄┄┄┄┄┄┄┄┄┄┄┄┄┄┄┄┄┄┄┄┄┄┄┄┄
│ 🐛 Persistent cache set: pk (TTL: 1s)
└───────────────────────────────────────────────────────────────────────────────────────────────────────────────────────
┌───────────────────────────────────────────────────────────────────────────────────────────────────────────────────────
│ #0   CacheService.getPersistent (package:allmovies_mobile/data/services/cache_service.dart:221:15)
│ #1   main.<anonymous closure>.<anonymous closure> (file:///Users/andrejprus/Library/CloudStorage/Dropbox/projects/allmoviesmobile/test/utils/cache_service_test.dart:23:26)
├┄┄┄┄┄┄┄┄┄┄┄┄┄┄┄┄┄┄┄┄┄┄┄┄┄┄┄┄┄┄┄┄┄┄┄┄┄┄┄┄┄┄┄┄┄┄┄┄┄┄┄┄┄┄┄┄┄┄┄┄┄┄┄┄┄┄┄┄┄┄┄┄┄┄┄┄┄┄┄┄┄┄┄┄┄┄┄┄┄┄┄┄┄┄┄┄┄┄┄┄┄┄┄┄┄┄┄┄┄┄┄┄┄┄┄┄┄┄┄
│ 🐛 Persistent cache hit: pk
└───────────────────────────────────────────────────────────────────────────────────────────────────────────────────────
┌───────────────────────────────────────────────────────────────────────────────────────────────────────────────────────
│ #0   CacheService.getPersistent (package:allmovies_mobile/data/services/cache_service.dart:212:17)
│ #1   <asynchronous suspension>
├┄┄┄┄┄┄┄┄┄┄┄┄┄┄┄┄┄┄┄┄┄┄┄┄┄┄┄┄┄┄┄┄┄┄┄┄┄┄┄┄┄┄┄┄┄┄┄┄┄┄┄┄┄┄┄┄┄┄┄┄┄┄┄┄┄┄┄┄┄┄┄┄┄┄┄┄┄┄┄┄┄┄┄┄┄┄┄┄┄┄┄┄┄┄┄┄┄┄┄┄┄┄┄┄┄┄┄┄┄┄┄┄┄┄┄┄┄┄┄
│ 🐛 Persistent cache expired: pk
└───────────────────────────────────────────────────────────────────────────────────────────────────────────────────────
00:28 +30: /Users/andrejprus/Library/CloudStorage/Dropbox/projects/allmoviesmobile/test/utils/cache_service_test.dart: CacheService persistent set/get honors TTL and cleanup                          00:28 +30: loading /Users/andrejprus/Library/CloudStorage/Dropbox/projects/allmoviesmobile/test/utils/retry_helper_test.dart                                                                           00:29 +30: loading /Users/andrejprus/Library/CloudStorage/Dropbox/projects/allmoviesmobile/test/utils/retry_helper_test.dart                                                                           00:29 +30: /Users/andrejprus/Library/CloudStorage/Dropbox/projects/allmoviesmobile/test/utils/retry_helper_test.dart: RetryHelper Tests should succeed on first attempt                                00:29 +31: /Users/andrejprus/Library/CloudStorage/Dropbox/projects/allmoviesmobile/test/utils/retry_helper_test.dart: RetryHelper Tests should succeed on first attempt                                00:29 +31: /Users/andrejprus/Library/CloudStorage/Dropbox/projects/allmoviesmobile/test/utils/retry_helper_test.dart: RetryHelper Tests should retry on failure and eventually succeed                 00:29 +32: /Users/andrejprus/Library/CloudStorage/Dropbox/projects/allmoviesmobile/test/utils/retry_helper_test.dart: RetryHelper Tests should retry on failure and eventually succeed                 00:29 +32: /Users/andrejprus/Library/CloudStorage/Dropbox/projects/allmoviesmobile/test/utils/retry_helper_test.dart: RetryHelper Tests should throw after max attempts                                00:29 +33: /Users/andrejprus/Library/CloudStorage/Dropbox/projects/allmoviesmobile/test/utils/retry_helper_test.dart: RetryHelper Tests should throw after max attempts                                00:29 +33: /Users/andrejprus/Library/CloudStorage/Dropbox/projects/allmoviesmobile/test/utils/retry_helper_test.dart: RetryHelper Tests should respect shouldRetry callback                            00:29 +34: /Users/andrejprus/Library/CloudStorage/Dropbox/projects/allmoviesmobile/test/utils/retry_helper_test.dart: RetryHelper Tests should respect shouldRetry callback                            00:29 +34: /Users/andrejprus/Library/CloudStorage/Dropbox/projects/allmoviesmobile/test/utils/retry_helper_test.dart: RetryHelper Tests isRetryable should detect network errors                       00:29 +35: /Users/andrejprus/Library/CloudStorage/Dropbox/projects/allmoviesmobile/test/utils/retry_helper_test.dart: RetryHelper Tests isRetryable should detect network errors                       00:29 +35: /Users/andrejprus/Library/CloudStorage/Dropbox/projects/allmoviesmobile/test/utils/retry_helper_test.dart: RetryHelper Tests isRetryable should detect server errors                        00:29 +36: /Users/andrejprus/Library/CloudStorage/Dropbox/projects/allmoviesmobile/test/utils/retry_helper_test.dart: RetryHelper Tests isRetryable should detect server errors                        00:29 +36: /Users/andrejprus/Library/CloudStorage/Dropbox/projects/allmoviesmobile/test/utils/retry_helper_test.dart: RetryHelper Tests isRetryable should not retry client errors                     00:29 +37: /Users/andrejprus/Library/CloudStorage/Dropbox/projects/allmoviesmobile/test/utils/retry_helper_test.dart: RetryHelper Tests isRetryable should not retry client errors                     00:29 +37: /Users/andrejprus/Library/CloudStorage/Dropbox/projects/allmoviesmobile/test/utils/retry_helper_test.dart: RetryHelper Tests retryWithFixedDelay should work correctly                      00:29 +38: /Users/andrejprus/Library/CloudStorage/Dropbox/projects/allmoviesmobile/test/utils/retry_helper_test.dart: RetryHelper Tests retryWithFixedDelay should work correctly                      00:29 +38: loading /Users/andrejprus/Library/CloudStorage/Dropbox/projects/allmoviesmobile/test/utils/error_mapper_test.dart                                                                           00:30 +38: loading /Users/andrejprus/Library/CloudStorage/Dropbox/projects/allmoviesmobile/test/utils/error_mapper_test.dart                                                                           00:31 +38: loading /Users/andrejprus/Library/CloudStorage/Dropbox/projects/allmoviesmobile/test/utils/error_mapper_test.dart                                                                           00:32 +38: loading /Users/andrejprus/Library/CloudStorage/Dropbox/projects/allmoviesmobile/test/utils/error_mapper_test.dart                                                                           00:32 +38: /Users/andrejprus/Library/CloudStorage/Dropbox/projects/allmoviesmobile/test/utils/error_mapper_test.dart: ErrorMapper maps 404 to AppApiException                                          00:32 +39: /Users/andrejprus/Library/CloudStorage/Dropbox/projects/allmoviesmobile/test/utils/error_mapper_test.dart: ErrorMapper maps 404 to AppApiException                                          00:32 +39: loading /Users/andrejprus/Library/CloudStorage/Dropbox/projects/allmoviesmobile/test/utils/error_handler_test.dart                                                                          00:33 +39: loading /Users/andrejprus/Library/CloudStorage/Dropbox/projects/allmoviesmobile/test/utils/error_handler_test.dart                                                                          00:33 +39: /Users/andrejprus/Library/CloudStorage/Dropbox/projects/allmoviesmobile/test/utils/error_handler_test.dart: ErrorHandler Tests should convert network errors to friendly message            00:33 +40: /Users/andrejprus/Library/CloudStorage/Dropbox/projects/allmoviesmobile/test/utils/error_handler_test.dart: ErrorHandler Tests should convert network errors to friendly message            00:33 +40: /Users/andrejprus/Library/CloudStorage/Dropbox/projects/allmoviesmobile/test/utils/error_handler_test.dart: ErrorHandler Tests should convert timeout errors to friendly message            00:33 +41: /Users/andrejprus/Library/CloudStorage/Dropbox/projects/allmoviesmobile/test/utils/error_handler_test.dart: ErrorHandler Tests should convert timeout errors to friendly message            00:33 +41: /Users/andrejprus/Library/CloudStorage/Dropbox/projects/allmoviesmobile/test/utils/error_handler_test.dart: ErrorHandler Tests should convert 401 errors to friendly message                00:33 +42: /Users/andrejprus/Library/CloudStorage/Dropbox/projects/allmoviesmobile/test/utils/error_handler_test.dart: ErrorHandler Tests should convert 401 errors to friendly message                00:33 +42: /Users/andrejprus/Library/CloudStorage/Dropbox/projects/allmoviesmobile/test/utils/error_handler_test.dart: ErrorHandler Tests should convert 403 errors to friendly message                00:33 +43: /Users/andrejprus/Library/CloudStorage/Dropbox/projects/allmoviesmobile/test/utils/error_handler_test.dart: ErrorHandler Tests should convert 403 errors to friendly message                00:33 +43: /Users/andrejprus/Library/CloudStorage/Dropbox/projects/allmoviesmobile/test/utils/error_handler_test.dart: ErrorHandler Tests should convert 404 errors to friendly message                00:33 +44: /Users/andrejprus/Library/CloudStorage/Dropbox/projects/allmoviesmobile/test/utils/error_handler_test.dart: ErrorHandler Tests should convert 404 errors to friendly message                00:33 +44: /Users/andrejprus/Library/CloudStorage/Dropbox/projects/allmoviesmobile/test/utils/error_handler_test.dart: ErrorHandler Tests should convert 500 errors to friendly message                00:33 +45: /Users/andrejprus/Library/CloudStorage/Dropbox/projects/allmoviesmobile/test/utils/error_handler_test.dart: ErrorHandler Tests should convert 500 errors to friendly message                00:33 +45: /Users/andrejprus/Library/CloudStorage/Dropbox/projects/allmoviesmobile/test/utils/error_handler_test.dart: ErrorHandler Tests should handle null error gracefully                          00:33 +46: /Users/andrejprus/Library/CloudStorage/Dropbox/projects/allmoviesmobile/test/utils/error_handler_test.dart: ErrorHandler Tests should handle null error gracefully                          00:33 +46: /Users/andrejprus/Library/CloudStorage/Dropbox/projects/allmoviesmobile/test/utils/error_handler_test.dart: ErrorHandler Tests should return default message for unknown errors             00:33 +47: /Users/andrejprus/Library/CloudStorage/Dropbox/projects/allmoviesmobile/test/utils/error_handler_test.dart: ErrorHandler Tests should return default message for unknown errors             00:33 +47: /Users/andrejprus/Library/CloudStorage/Dropbox/projects/allmoviesmobile/test/utils/error_handler_test.dart: ErrorHandler Tests should execute safe operation successfully                   00:33 +48: /Users/andrejprus/Library/CloudStorage/Dropbox/projects/allmoviesmobile/test/utils/error_handler_test.dart: ErrorHandler Tests should execute safe operation successfully                   00:33 +48: /Users/andrejprus/Library/CloudStorage/Dropbox/projects/allmoviesmobile/test/utils/error_handler_test.dart: ErrorHandler Tests should handle safe operation failure                         00:33 +48: /Users/andrejprus/Library/CloudStorage/Dropbox/projects/allmoviesmobile/test/utils/error_handler_test.dart: ErrorHandler Tests should handle safe operation failure                         
ERROR: Operation failed - Exception: Test error
00:33 +49: /Users/andrejprus/Library/CloudStorage/Dropbox/projects/allmoviesmobile/test/utils/error_handler_test.dart: ErrorHandler Tests should handle safe operation failure                         00:33 +49: /Users/andrejprus/Library/CloudStorage/Dropbox/projects/allmoviesmobile/test/utils/error_handler_test.dart: ErrorHandler Tests should call onError callback on failure                      00:33 +49: /Users/andrejprus/Library/CloudStorage/Dropbox/projects/allmoviesmobile/test/utils/error_handler_test.dart: ErrorHandler Tests should call onError callback on failure                      
ERROR: Operation failed - Exception: Test
00:33 +50: /Users/andrejprus/Library/CloudStorage/Dropbox/projects/allmoviesmobile/test/utils/error_handler_test.dart: ErrorHandler Tests should call onError callback on failure                      00:33 +50: loading /Users/andrejprus/Library/CloudStorage/Dropbox/projects/allmoviesmobile/test/models/movie_test.dart                                                                                 00:34 +50: loading /Users/andrejprus/Library/CloudStorage/Dropbox/projects/allmoviesmobile/test/models/movie_test.dart                                                                                 00:35 +50: loading /Users/andrejprus/Library/CloudStorage/Dropbox/projects/allmoviesmobile/test/models/movie_test.dart                                                                                 00:35 +50: /Users/andrejprus/Library/CloudStorage/Dropbox/projects/allmoviesmobile/test/models/movie_test.dart: Movie Model Tests should create Movie from valid JSON                                  00:35 +51: /Users/andrejprus/Library/CloudStorage/Dropbox/projects/allmoviesmobile/test/models/movie_test.dart: Movie Model Tests should create Movie from valid JSON                                  00:35 +51: /Users/andrejprus/Library/CloudStorage/Dropbox/projects/allmoviesmobile/test/models/movie_test.dart: Movie Model Tests should handle TV show JSON (name instead of title)                   00:35 +52: /Users/andrejprus/Library/CloudStorage/Dropbox/projects/allmoviesmobile/test/models/movie_test.dart: Movie Model Tests should handle TV show JSON (name instead of title)                   00:35 +52: /Users/andrejprus/Library/CloudStorage/Dropbox/projects/allmoviesmobile/test/models/movie_test.dart: Movie Model Tests should generate correct poster URL                                   00:35 +53: /Users/andrejprus/Library/CloudStorage/Dropbox/projects/allmoviesmobile/test/models/movie_test.dart: Movie Model Tests should generate correct poster URL                                   00:35 +53: /Users/andrejprus/Library/CloudStorage/Dropbox/projects/allmoviesmobile/test/models/movie_test.dart: Movie Model Tests should return null poster URL when path is null                      00:35 +54: /Users/andrejprus/Library/CloudStorage/Dropbox/projects/allmoviesmobile/test/models/movie_test.dart: Movie Model Tests should return null poster URL when path is null                      00:35 +54: /Users/andrejprus/Library/CloudStorage/Dropbox/projects/allmoviesmobile/test/models/movie_test.dart: Movie Model Tests should generate correct backdrop URL                                 00:35 +55: /Users/andrejprus/Library/CloudStorage/Dropbox/projects/allmoviesmobile/test/models/movie_test.dart: Movie Model Tests should generate correct backdrop URL                                 00:35 +55: /Users/andrejprus/Library/CloudStorage/Dropbox/projects/allmoviesmobile/test/models/movie_test.dart: Movie Model Tests should extract release year from date                                00:35 +56: /Users/andrejprus/Library/CloudStorage/Dropbox/projects/allmoviesmobile/test/models/movie_test.dart: Movie Model Tests should extract release year from date                                00:35 +56: /Users/andrejprus/Library/CloudStorage/Dropbox/projects/allmoviesmobile/test/models/movie_test.dart: Movie Model Tests should return null year when date is null                            00:35 +57: /Users/andrejprus/Library/CloudStorage/Dropbox/projects/allmoviesmobile/test/models/movie_test.dart: Movie Model Tests should return null year when date is null                            00:35 +57: /Users/andrejprus/Library/CloudStorage/Dropbox/projects/allmoviesmobile/test/models/movie_test.dart: Movie Model Tests should return correct media label for TV                             00:35 +58: /Users/andrejprus/Library/CloudStorage/Dropbox/projects/allmoviesmobile/test/models/movie_test.dart: Movie Model Tests should return correct media label for TV                             00:35 +58: /Users/andrejprus/Library/CloudStorage/Dropbox/projects/allmoviesmobile/test/models/movie_test.dart: Movie Model Tests should return correct media label for Movie                          00:35 +59: /Users/andrejprus/Library/CloudStorage/Dropbox/projects/allmoviesmobile/test/models/movie_test.dart: Movie Model Tests should return correct media label for Movie                          00:35 +59: /Users/andrejprus/Library/CloudStorage/Dropbox/projects/allmoviesmobile/test/models/movie_test.dart: Movie Model Tests should format rating correctly                                       00:35 +60: /Users/andrejprus/Library/CloudStorage/Dropbox/projects/allmoviesmobile/test/models/movie_test.dart: Movie Model Tests should format rating correctly                                       00:35 +60: /Users/andrejprus/Library/CloudStorage/Dropbox/projects/allmoviesmobile/test/models/movie_test.dart: Movie Model Tests should return N/A for zero rating                                    00:35 +61: /Users/andrejprus/Library/CloudStorage/Dropbox/projects/allmoviesmobile/test/models/movie_test.dart: Movie Model Tests should return N/A for zero rating                                    00:35 +61: /Users/andrejprus/Library/CloudStorage/Dropbox/projects/allmoviesmobile/test/models/movie_test.dart: Movie Model Tests should format vote count with K suffix for thousands                 00:35 +62: /Users/andrejprus/Library/CloudStorage/Dropbox/projects/allmoviesmobile/test/models/movie_test.dart: Movie Model Tests should format vote count with K suffix for thousands                 00:35 +62: /Users/andrejprus/Library/CloudStorage/Dropbox/projects/allmoviesmobile/test/models/movie_test.dart: Movie Model Tests should format vote count without K for hundreds                      00:35 +63: /Users/andrejprus/Library/CloudStorage/Dropbox/projects/allmoviesmobile/test/models/movie_test.dart: Movie Model Tests should format vote count without K for hundreds                      00:35 +63: /Users/andrejprus/Library/CloudStorage/Dropbox/projects/allmoviesmobile/test/models/movie_test.dart: Movie Model Tests should return genre names from genre IDs                             00:35 +64: /Users/andrejprus/Library/CloudStorage/Dropbox/projects/allmoviesmobile/test/models/movie_test.dart: Movie Model Tests should return genre names from genre IDs                             00:35 +64: /Users/andrejprus/Library/CloudStorage/Dropbox/projects/allmoviesmobile/test/models/movie_test.dart: Movie Model Tests should handle empty genre list                                       00:35 +65: /Users/andrejprus/Library/CloudStorage/Dropbox/projects/allmoviesmobile/test/models/movie_test.dart: Movie Model Tests should handle empty genre list                                       00:35 +65: /Users/andrejprus/Library/CloudStorage/Dropbox/projects/allmoviesmobile/test/models/movie_test.dart: Movie Model Tests should handle unknown genre IDs                                      00:35 +66: /Users/andrejprus/Library/CloudStorage/Dropbox/projects/allmoviesmobile/test/models/movie_test.dart: Movie Model Tests should handle unknown genre IDs                                      00:35 +66: /Users/andrejprus/Library/CloudStorage/Dropbox/projects/allmoviesmobile/test/models/movie_test.dart: Movie Model Tests should default adult to false                                        00:35 +67: /Users/andrejprus/Library/CloudStorage/Dropbox/projects/allmoviesmobile/test/models/movie_test.dart: Movie Model Tests should default adult to false                                        00:35 +67: /Users/andrejprus/Library/CloudStorage/Dropbox/projects/allmoviesmobile/test/models/movie_test.dart: Movie Model Tests should handle empty or whitespace-only overview as null              00:35 +68: /Users/andrejprus/Library/CloudStorage/Dropbox/projects/allmoviesmobile/test/models/movie_test.dart: Movie Model Tests should handle empty or whitespace-only overview as null              00:35 +68: /Users/andrejprus/Library/CloudStorage/Dropbox/projects/allmoviesmobile/test/models/movie_test.dart: Movie Model Tests should trim whitespace from title and overview                       00:35 +69: /Users/andrejprus/Library/CloudStorage/Dropbox/projects/allmoviesmobile/test/models/movie_test.dart: Movie Model Tests should trim whitespace from title and overview                       00:35 +69: loading /Users/andrejprus/Library/CloudStorage/Dropbox/projects/allmoviesmobile/test/models/movie_detailed_model_test.dart                                                                  00:36 +69: loading /Users/andrejprus/Library/CloudStorage/Dropbox/projects/allmoviesmobile/test/models/movie_detailed_model_test.dart                                                                  00:36 +69: /Users/andrejprus/Library/CloudStorage/Dropbox/projects/allmoviesmobile/test/models/movie_detailed_model_test.dart: MovieDetailed keywords parsing parses keyword list when present         00:36 +70: /Users/andrejprus/Library/CloudStorage/Dropbox/projects/allmoviesmobile/test/models/movie_detailed_model_test.dart: MovieDetailed keywords parsing parses keyword list when present         00:36 +70: /Users/andrejprus/Library/CloudStorage/Dropbox/projects/allmoviesmobile/test/models/movie_detailed_model_test.dart: ... keywords parsing defaults to empty keyword list when absent         00:36 +71: /Users/andrejprus/Library/CloudStorage/Dropbox/projects/allmoviesmobile/test/models/movie_detailed_model_test.dart: ... keywords parsing defaults to empty keyword list when absent         00:36 +71: loading /Users/andrejprus/Library/CloudStorage/Dropbox/projects/allmoviesmobile/test/models/season_test.dart                                                                                00:37 +71: loading /Users/andrejprus/Library/CloudStorage/Dropbox/projects/allmoviesmobile/test/models/season_test.dart                                                                                00:37 +71: /Users/andrejprus/Library/CloudStorage/Dropbox/projects/allmoviesmobile/test/models/season_test.dart: Season model creates from JSON with backdrop path                                     00:37 +72: /Users/andrejprus/Library/CloudStorage/Dropbox/projects/allmoviesmobile/test/models/season_test.dart: Season model creates from JSON with backdrop path                                     00:37 +72: /Users/andrejprus/Library/CloudStorage/Dropbox/projects/allmoviesmobile/test/models/season_test.dart: Season model handles missing poster/backdrop paths                                    00:37 +73: /Users/andrejprus/Library/CloudStorage/Dropbox/projects/allmoviesmobile/test/models/season_test.dart: Season model handles missing poster/backdrop paths                                    00:37 +73: loading /Users/andrejprus/Library/CloudStorage/Dropbox/projects/allmoviesmobile/test/services/static_catalog_service_test.dart                                                              00:38 +73: loading /Users/andrejprus/Library/CloudStorage/Dropbox/projects/allmoviesmobile/test/services/static_catalog_service_test.dart                                                              00:39 +73: loading /Users/andrejprus/Library/CloudStorage/Dropbox/projects/allmoviesmobile/test/services/static_catalog_service_test.dart                                                              00:39 +73: /Users/andrejprus/Library/CloudStorage/Dropbox/projects/allmoviesmobile/test/services/static_catalog_service_test.dart: needsRefresh is true on first run                                   00:39 +74: /Users/andrejprus/Library/CloudStorage/Dropbox/projects/allmoviesmobile/test/services/static_catalog_service_test.dart: needsRefresh is true on first run                                   00:39 +74: loading /Users/andrejprus/Library/CloudStorage/Dropbox/projects/allmoviesmobile/test/services/static_catalog_integration_test.dart                                                          00:40 +74: loading /Users/andrejprus/Library/CloudStorage/Dropbox/projects/allmoviesmobile/test/services/static_catalog_integration_test.dart                                                          00:40 +74: /Users/andrejprus/Library/CloudStorage/Dropbox/projects/allmoviesmobile/test/services/static_catalog_integration_test.dart: preloadAll stores catalogs to Isar                              00:40 +75: /Users/andrejprus/Library/CloudStorage/Dropbox/projects/allmoviesmobile/test/services/static_catalog_integration_test.dart: preloadAll stores catalogs to Isar                              00:40 +75: loading /Users/andrejprus/Library/CloudStorage/Dropbox/projects/allmoviesmobile/test/widgets/fullscreen_modal_test.dart                                                                     00:41 +75: loading /Users/andrejprus/Library/CloudStorage/Dropbox/projects/allmoviesmobile/test/widgets/fullscreen_modal_test.dart                                                                     00:42 +75: loading /Users/andrejprus/Library/CloudStorage/Dropbox/projects/allmoviesmobile/test/widgets/fullscreen_modal_test.dart                                                                     00:42 +75: /Users/andrejprus/Library/CloudStorage/Dropbox/projects/allmoviesmobile/test/widgets/fullscreen_modal_test.dart: pushFullscreenModal shows close button and pops                            00:43 +75: /Users/andrejprus/Library/CloudStorage/Dropbox/projects/allmoviesmobile/test/widgets/fullscreen_modal_test.dart: pushFullscreenModal shows close button and pops                            00:44 +75: /Users/andrejprus/Library/CloudStorage/Dropbox/projects/allmoviesmobile/test/widgets/fullscreen_modal_test.dart: pushFullscreenModal shows close button and pops                            00:44 +76: /Users/andrejprus/Library/CloudStorage/Dropbox/projects/allmoviesmobile/test/widgets/fullscreen_modal_test.dart: pushFullscreenModal shows close button and pops                            00:44 +76: loading /Users/andrejprus/Library/CloudStorage/Dropbox/projects/allmoviesmobile/test/widgets/search_screen_typing_test.dart                                                                 00:45 +76: loading /Users/andrejprus/Library/CloudStorage/Dropbox/projects/allmoviesmobile/test/widgets/search_screen_typing_test.dart                                                                 00:46 +76: loading /Users/andrejprus/Library/CloudStorage/Dropbox/projects/allmoviesmobile/test/widgets/search_screen_typing_test.dart                                                                 00:47 +76: loading /Users/andrejprus/Library/CloudStorage/Dropbox/projects/allmoviesmobile/test/widgets/search_screen_typing_test.dart                                                                 00:48 +76: loading /Users/andrejprus/Library/CloudStorage/Dropbox/projects/allmoviesmobile/test/widgets/search_screen_typing_test.dart                                                                 00:49 +76: loading /Users/andrejprus/Library/CloudStorage/Dropbox/projects/allmoviesmobile/test/widgets/search_screen_typing_test.dart                                                                 00:50 +76: loading /Users/andrejprus/Library/CloudStorage/Dropbox/projects/allmoviesmobile/test/widgets/search_screen_typing_test.dart                                                                 00:50 +76: /Users/andrejprus/Library/CloudStorage/Dropbox/projects/allmoviesmobile/test/widgets/search_screen_typing_test.dart: SearchScreen typing and submit triggers provider search                00:51 +76: /Users/andrejprus/Library/CloudStorage/Dropbox/projects/allmoviesmobile/test/widgets/search_screen_typing_test.dart: SearchScreen typing and submit triggers provider search                00:52 +76: /Users/andrejprus/Library/CloudStorage/Dropbox/projects/allmoviesmobile/test/widgets/search_screen_typing_test.dart: SearchScreen typing and submit triggers provider search                00:53 +76: /Users/andrejprus/Library/CloudStorage/Dropbox/projects/allmoviesmobile/test/widgets/search_screen_typing_test.dart: SearchScreen typing and submit triggers provider search                00:53 +77: /Users/andrejprus/Library/CloudStorage/Dropbox/projects/allmoviesmobile/test/widgets/search_screen_typing_test.dart: SearchScreen typing and submit triggers provider search                00:53 +77: loading /Users/andrejprus/Library/CloudStorage/Dropbox/projects/allmoviesmobile/test/widgets/series_screen_test.dart                                                                        00:53 +77 -1: loading /Users/andrejprus/Library/CloudStorage/Dropbox/projects/allmoviesmobile/test/widgets/series_screen_test.dart [E]                                                                 
  Failed to load "/Users/andrejprus/Library/CloudStorage/Dropbox/projects/allmoviesmobile/test/widgets/series_screen_test.dart":
  Compilation failed for testPath=/Users/andrejprus/Library/CloudStorage/Dropbox/projects/allmoviesmobile/test/widgets/series_screen_test.dart: lib/presentation/screens/people/people_screen.dart:106:46: Error: A value of type 'Person' can't be assigned to a variable of type 'PersonDetail'.
   - 'Person' is from 'package:allmovies_mobile/data/models/person_model.dart' ('lib/data/models/person_model.dart').
   - 'PersonDetail' is from 'package:allmovies_mobile/data/models/person_detail_model.dart' ('lib/data/models/person_detail_model.dart').
                  final PersonDetail details = await provider.loadDetails(person.id);
                                               ^
  lib/presentation/screens/people/people_screen.dart:109:47: Error: The argument type 'PersonDetail' can't be assigned to the parameter type 'Person'.
   - 'PersonDetail' is from 'package:allmovies_mobile/data/models/person_detail_model.dart' ('lib/data/models/person_detail_model.dart').
   - 'Person' is from 'package:allmovies_mobile/data/models/person_model.dart' ('lib/data/models/person_model.dart').
                    _showPersonDetails(context, details);
                                                ^
  .

To run this test again: /usr/local/share/flutter/bin/cache/dart-sdk/bin/dart test /Users/andrejprus/Library/CloudStorage/Dropbox/projects/allmoviesmobile/test/widgets/series_screen_test.dart -p vm --plain-name 'loading /Users/andrejprus/Library/CloudStorage/Dropbox/projects/allmoviesmobile/test/widgets/series_screen_test.dart'
00:53 +77 -1: loading /Users/andrejprus/Library/CloudStorage/Dropbox/projects/allmoviesmobile/test/widgets/movies_filters_screen_test.dart                                                             00:54 +77 -1: loading /Users/andrejprus/Library/CloudStorage/Dropbox/projects/allmoviesmobile/test/widgets/movies_filters_screen_test.dart                                                             00:55 +77 -1: loading /Users/andrejprus/Library/CloudStorage/Dropbox/projects/allmoviesmobile/test/widgets/movies_filters_screen_test.dart                                                             00:56 +77 -1: loading /Users/andrejprus/Library/CloudStorage/Dropbox/projects/allmoviesmobile/test/widgets/movies_filters_screen_test.dart                                                             00:57 +77 -1: loading /Users/andrejprus/Library/CloudStorage/Dropbox/projects/allmoviesmobile/test/widgets/movies_filters_screen_test.dart                                                             00:58 +77 -1: loading /Users/andrejprus/Library/CloudStorage/Dropbox/projects/allmoviesmobile/test/widgets/movies_filters_screen_test.dart                                                             00:58 +77 -1: /Users/andrejprus/Library/CloudStorage/Dropbox/projects/allmoviesmobile/test/widgets/movies_filters_screen_test.dart: MoviesFiltersScreen renders and is interactable                    00:59 +77 -1: /Users/andrejprus/Library/CloudStorage/Dropbox/projects/allmoviesmobile/test/widgets/movies_filters_screen_test.dart: MoviesFiltersScreen renders and is interactable                    01:00 +77 -1: /Users/andrejprus/Library/CloudStorage/Dropbox/projects/allmoviesmobile/test/widgets/movies_filters_screen_test.dart: MoviesFiltersScreen renders and is interactable                    01:01 +77 -1: /Users/andrejprus/Library/CloudStorage/Dropbox/projects/allmoviesmobile/test/widgets/movies_filters_screen_test.dart: MoviesFiltersScreen renders and is interactable                    01:01 +78 -1: /Users/andrejprus/Library/CloudStorage/Dropbox/projects/allmoviesmobile/test/widgets/movies_filters_screen_test.dart: MoviesFiltersScreen renders and is interactable                    01:01 +78 -1: loading /Users/andrejprus/Library/CloudStorage/Dropbox/projects/allmoviesmobile/test/widgets/movies_screen_interactions_test.dart                                                        01:02 +78 -1: loading /Users/andrejprus/Library/CloudStorage/Dropbox/projects/allmoviesmobile/test/widgets/movies_screen_interactions_test.dart                                                        01:02 +78 -2: loading /Users/andrejprus/Library/CloudStorage/Dropbox/projects/allmoviesmobile/test/widgets/movies_screen_interactions_test.dart [E]                                                    
  Failed to load "/Users/andrejprus/Library/CloudStorage/Dropbox/projects/allmoviesmobile/test/widgets/movies_screen_interactions_test.dart":
  Compilation failed for testPath=/Users/andrejprus/Library/CloudStorage/Dropbox/projects/allmoviesmobile/test/widgets/movies_screen_interactions_test.dart: lib/presentation/screens/people/people_screen.dart:106:46: Error: A value of type 'Person' can't be assigned to a variable of type 'PersonDetail'.
   - 'Person' is from 'package:allmovies_mobile/data/models/person_model.dart' ('lib/data/models/person_model.dart').
   - 'PersonDetail' is from 'package:allmovies_mobile/data/models/person_detail_model.dart' ('lib/data/models/person_detail_model.dart').
                  final PersonDetail details = await provider.loadDetails(person.id);
                                               ^
  lib/presentation/screens/people/people_screen.dart:109:47: Error: The argument type 'PersonDetail' can't be assigned to the parameter type 'Person'.
   - 'PersonDetail' is from 'package:allmovies_mobile/data/models/person_detail_model.dart' ('lib/data/models/person_detail_model.dart').
   - 'Person' is from 'package:allmovies_mobile/data/models/person_model.dart' ('lib/data/models/person_model.dart').
                    _showPersonDetails(context, details);
                                                ^
  .

To run this test again: /usr/local/share/flutter/bin/cache/dart-sdk/bin/dart test /Users/andrejprus/Library/CloudStorage/Dropbox/projects/allmoviesmobile/test/widgets/movies_screen_interactions_test.dart -p vm --plain-name 'loading /Users/andrejprus/Library/CloudStorage/Dropbox/projects/allmoviesmobile/test/widgets/movies_screen_interactions_test.dart'
01:02 +78 -2: loading /Users/andrejprus/Library/CloudStorage/Dropbox/projects/allmoviesmobile/test/widgets/movies_screen_test.dart                                                                     01:03 +78 -2: loading /Users/andrejprus/Library/CloudStorage/Dropbox/projects/allmoviesmobile/test/widgets/movies_screen_test.dart                                                                     01:04 +78 -2: loading /Users/andrejprus/Library/CloudStorage/Dropbox/projects/allmoviesmobile/test/widgets/movies_screen_test.dart                                                                     01:05 +78 -2: loading /Users/andrejprus/Library/CloudStorage/Dropbox/projects/allmoviesmobile/test/widgets/movies_screen_test.dart                                                                     01:05 +78 -3: loading /Users/andrejprus/Library/CloudStorage/Dropbox/projects/allmoviesmobile/test/widgets/movies_screen_test.dart [E]                                                                 
  Failed to load "/Users/andrejprus/Library/CloudStorage/Dropbox/projects/allmoviesmobile/test/widgets/movies_screen_test.dart":
  Compilation failed for testPath=/Users/andrejprus/Library/CloudStorage/Dropbox/projects/allmoviesmobile/test/widgets/movies_screen_test.dart: lib/presentation/screens/people/people_screen.dart:106:46: Error: A value of type 'Person' can't be assigned to a variable of type 'PersonDetail'.
   - 'Person' is from 'package:allmovies_mobile/data/models/person_model.dart' ('lib/data/models/person_model.dart').
   - 'PersonDetail' is from 'package:allmovies_mobile/data/models/person_detail_model.dart' ('lib/data/models/person_detail_model.dart').
                  final PersonDetail details = await provider.loadDetails(person.id);
                                               ^
  lib/presentation/screens/people/people_screen.dart:109:47: Error: The argument type 'PersonDetail' can't be assigned to the parameter type 'Person'.
   - 'PersonDetail' is from 'package:allmovies_mobile/data/models/person_detail_model.dart' ('lib/data/models/person_detail_model.dart').
   - 'Person' is from 'package:allmovies_mobile/data/models/person_model.dart' ('lib/data/models/person_model.dart').
                    _showPersonDetails(context, details);
                                                ^
  .

To run this test again: /usr/local/share/flutter/bin/cache/dart-sdk/bin/dart test /Users/andrejprus/Library/CloudStorage/Dropbox/projects/allmoviesmobile/test/widgets/movies_screen_test.dart -p vm --plain-name 'loading /Users/andrejprus/Library/CloudStorage/Dropbox/projects/allmoviesmobile/test/widgets/movies_screen_test.dart'
01:05 +78 -3: loading /Users/andrejprus/Library/CloudStorage/Dropbox/projects/allmoviesmobile/test/widgets/keyword_browser_screen_test.dart                                                            01:06 +78 -3: loading /Users/andrejprus/Library/CloudStorage/Dropbox/projects/allmoviesmobile/test/widgets/keyword_browser_screen_test.dart                                                            01:07 +78 -3: loading /Users/andrejprus/Library/CloudStorage/Dropbox/projects/allmoviesmobile/test/widgets/keyword_browser_screen_test.dart                                                            01:08 +78 -3: loading /Users/andrejprus/Library/CloudStorage/Dropbox/projects/allmoviesmobile/test/widgets/keyword_browser_screen_test.dart                                                            01:08 +78 -4: loading /Users/andrejprus/Library/CloudStorage/Dropbox/projects/allmoviesmobile/test/widgets/keyword_browser_screen_test.dart [E]                                                        
  Failed to load "/Users/andrejprus/Library/CloudStorage/Dropbox/projects/allmoviesmobile/test/widgets/keyword_browser_screen_test.dart":
  Compilation failed for testPath=/Users/andrejprus/Library/CloudStorage/Dropbox/projects/allmoviesmobile/test/widgets/keyword_browser_screen_test.dart: lib/presentation/screens/people/people_screen.dart:106:46: Error: A value of type 'Person' can't be assigned to a variable of type 'PersonDetail'.
   - 'Person' is from 'package:allmovies_mobile/data/models/person_model.dart' ('lib/data/models/person_model.dart').
   - 'PersonDetail' is from 'package:allmovies_mobile/data/models/person_detail_model.dart' ('lib/data/models/person_detail_model.dart').
                  final PersonDetail details = await provider.loadDetails(person.id);
                                               ^
  lib/presentation/screens/people/people_screen.dart:109:47: Error: The argument type 'PersonDetail' can't be assigned to the parameter type 'Person'.
   - 'PersonDetail' is from 'package:allmovies_mobile/data/models/person_detail_model.dart' ('lib/data/models/person_detail_model.dart').
   - 'Person' is from 'package:allmovies_mobile/data/models/person_model.dart' ('lib/data/models/person_model.dart').
                    _showPersonDetails(context, details);
                                                ^
  .

To run this test again: /usr/local/share/flutter/bin/cache/dart-sdk/bin/dart test /Users/andrejprus/Library/CloudStorage/Dropbox/projects/allmoviesmobile/test/widgets/keyword_browser_screen_test.dart -p vm --plain-name 'loading /Users/andrejprus/Library/CloudStorage/Dropbox/projects/allmoviesmobile/test/widgets/keyword_browser_screen_test.dart'
01:08 +78 -4: loading /Users/andrejprus/Library/CloudStorage/Dropbox/projects/allmoviesmobile/test/widgets/search_screen_test.dart                                                                     01:09 +78 -4: loading /Users/andrejprus/Library/CloudStorage/Dropbox/projects/allmoviesmobile/test/widgets/search_screen_test.dart                                                                     01:10 +78 -4: loading /Users/andrejprus/Library/CloudStorage/Dropbox/projects/allmoviesmobile/test/widgets/search_screen_test.dart                                                                     01:11 +78 -4: loading /Users/andrejprus/Library/CloudStorage/Dropbox/projects/allmoviesmobile/test/widgets/search_screen_test.dart                                                                     01:12 +78 -4: loading /Users/andrejprus/Library/CloudStorage/Dropbox/projects/allmoviesmobile/test/widgets/search_screen_test.dart                                                                     01:13 +78 -4: loading /Users/andrejprus/Library/CloudStorage/Dropbox/projects/allmoviesmobile/test/widgets/search_screen_test.dart                                                                     01:13 +78 -4: /Users/andrejprus/Library/CloudStorage/Dropbox/projects/allmoviesmobile/test/widgets/search_screen_test.dart: SearchScreen with initialQuery triggers search and renders                 01:14 +78 -4: /Users/andrejprus/Library/CloudStorage/Dropbox/projects/allmoviesmobile/test/widgets/search_screen_test.dart: SearchScreen with initialQuery triggers search and renders                 01:15 +78 -4: /Users/andrejprus/Library/CloudStorage/Dropbox/projects/allmoviesmobile/test/widgets/search_screen_test.dart: SearchScreen with initialQuery triggers search and renders                 01:15 +79 -4: /Users/andrejprus/Library/CloudStorage/Dropbox/projects/allmoviesmobile/test/widgets/search_screen_test.dart: SearchScreen with initialQuery triggers search and renders                 01:15 +79 -4: loading /Users/andrejprus/Library/CloudStorage/Dropbox/projects/allmoviesmobile/test/widgets/app_navigation_shell_test.dart                                                              01:15 +79 -5: loading /Users/andrejprus/Library/CloudStorage/Dropbox/projects/allmoviesmobile/test/widgets/app_navigation_shell_test.dart [E]                                                          
  Failed to load "/Users/andrejprus/Library/CloudStorage/Dropbox/projects/allmoviesmobile/test/widgets/app_navigation_shell_test.dart":
  Compilation failed for testPath=/Users/andrejprus/Library/CloudStorage/Dropbox/projects/allmoviesmobile/test/widgets/app_navigation_shell_test.dart: lib/presentation/screens/people/people_screen.dart:106:46: Error: A value of type 'Person' can't be assigned to a variable of type 'PersonDetail'.
   - 'Person' is from 'package:allmovies_mobile/data/models/person_model.dart' ('lib/data/models/person_model.dart').
   - 'PersonDetail' is from 'package:allmovies_mobile/data/models/person_detail_model.dart' ('lib/data/models/person_detail_model.dart').
                  final PersonDetail details = await provider.loadDetails(person.id);
                                               ^
  lib/presentation/screens/people/people_screen.dart:109:47: Error: The argument type 'PersonDetail' can't be assigned to the parameter type 'Person'.
   - 'PersonDetail' is from 'package:allmovies_mobile/data/models/person_detail_model.dart' ('lib/data/models/person_detail_model.dart').
   - 'Person' is from 'package:allmovies_mobile/data/models/person_model.dart' ('lib/data/models/person_model.dart').
                    _showPersonDetails(context, details);
                                                ^
  .

To run this test again: /usr/local/share/flutter/bin/cache/dart-sdk/bin/dart test /Users/andrejprus/Library/CloudStorage/Dropbox/projects/allmoviesmobile/test/widgets/app_navigation_shell_test.dart -p vm --plain-name 'loading /Users/andrejprus/Library/CloudStorage/Dropbox/projects/allmoviesmobile/test/widgets/app_navigation_shell_test.dart'
01:15 +79 -5: loading /Users/andrejprus/Library/CloudStorage/Dropbox/projects/allmoviesmobile/test/widgets/companies_screen_test.dart                                                                  01:16 +79 -5: loading /Users/andrejprus/Library/CloudStorage/Dropbox/projects/allmoviesmobile/test/widgets/companies_screen_test.dart                                                                  01:17 +79 -5: loading /Users/andrejprus/Library/CloudStorage/Dropbox/projects/allmoviesmobile/test/widgets/companies_screen_test.dart                                                                  01:18 +79 -5: loading /Users/andrejprus/Library/CloudStorage/Dropbox/projects/allmoviesmobile/test/widgets/companies_screen_test.dart                                                                  01:18 +79 -6: loading /Users/andrejprus/Library/CloudStorage/Dropbox/projects/allmoviesmobile/test/widgets/companies_screen_test.dart [E]                                                              
  Failed to load "/Users/andrejprus/Library/CloudStorage/Dropbox/projects/allmoviesmobile/test/widgets/companies_screen_test.dart":
  Compilation failed for testPath=/Users/andrejprus/Library/CloudStorage/Dropbox/projects/allmoviesmobile/test/widgets/companies_screen_test.dart: lib/presentation/screens/people/people_screen.dart:106:46: Error: A value of type 'Person' can't be assigned to a variable of type 'PersonDetail'.
   - 'Person' is from 'package:allmovies_mobile/data/models/person_model.dart' ('lib/data/models/person_model.dart').
   - 'PersonDetail' is from 'package:allmovies_mobile/data/models/person_detail_model.dart' ('lib/data/models/person_detail_model.dart').
                  final PersonDetail details = await provider.loadDetails(person.id);
                                               ^
  lib/presentation/screens/people/people_screen.dart:109:47: Error: The argument type 'PersonDetail' can't be assigned to the parameter type 'Person'.
   - 'PersonDetail' is from 'package:allmovies_mobile/data/models/person_detail_model.dart' ('lib/data/models/person_detail_model.dart').
   - 'Person' is from 'package:allmovies_mobile/data/models/person_model.dart' ('lib/data/models/person_model.dart').
                    _showPersonDetails(context, details);
                                                ^
  .

To run this test again: /usr/local/share/flutter/bin/cache/dart-sdk/bin/dart test /Users/andrejprus/Library/CloudStorage/Dropbox/projects/allmoviesmobile/test/widgets/companies_screen_test.dart -p vm --plain-name 'loading /Users/andrejprus/Library/CloudStorage/Dropbox/projects/allmoviesmobile/test/widgets/companies_screen_test.dart'
01:18 +79 -6: loading /Users/andrejprus/Library/CloudStorage/Dropbox/projects/allmoviesmobile/test/widgets/series_filters_screen_test.dart                                                             01:19 +79 -6: loading /Users/andrejprus/Library/CloudStorage/Dropbox/projects/allmoviesmobile/test/widgets/series_filters_screen_test.dart                                                             01:20 +79 -6: loading /Users/andrejprus/Library/CloudStorage/Dropbox/projects/allmoviesmobile/test/widgets/series_filters_screen_test.dart                                                             01:21 +79 -6: loading /Users/andrejprus/Library/CloudStorage/Dropbox/projects/allmoviesmobile/test/widgets/series_filters_screen_test.dart                                                             01:22 +79 -6: loading /Users/andrejprus/Library/CloudStorage/Dropbox/projects/allmoviesmobile/test/widgets/series_filters_screen_test.dart                                                             01:22 +79 -6: /Users/andrejprus/Library/CloudStorage/Dropbox/projects/allmoviesmobile/test/widgets/series_filters_screen_test.dart: SeriesFiltersScreen returns Map<String,String> on apply            01:23 +79 -6: /Users/andrejprus/Library/CloudStorage/Dropbox/projects/allmoviesmobile/test/widgets/series_filters_screen_test.dart: SeriesFiltersScreen returns Map<String,String> on apply            01:24 +79 -6: /Users/andrejprus/Library/CloudStorage/Dropbox/projects/allmoviesmobile/test/widgets/series_filters_screen_test.dart: SeriesFiltersScreen returns Map<String,String> on apply            01:25 +79 -6: /Users/andrejprus/Library/CloudStorage/Dropbox/projects/allmoviesmobile/test/widgets/series_filters_screen_test.dart: SeriesFiltersScreen returns Map<String,String> on apply            01:25 +80 -6: /Users/andrejprus/Library/CloudStorage/Dropbox/projects/allmoviesmobile/test/widgets/series_filters_screen_test.dart: SeriesFiltersScreen returns Map<String,String> on apply            01:25 +80 -6: loading /Users/andrejprus/Library/CloudStorage/Dropbox/projects/allmoviesmobile/test/widgets/settings_screen_test.dart                                                                   01:26 +80 -6: loading /Users/andrejprus/Library/CloudStorage/Dropbox/projects/allmoviesmobile/test/widgets/settings_screen_test.dart                                                                   01:27 +80 -6: loading /Users/andrejprus/Library/CloudStorage/Dropbox/projects/allmoviesmobile/test/widgets/settings_screen_test.dart                                                                   01:27 +80 -6: /Users/andrejprus/Library/CloudStorage/Dropbox/projects/allmoviesmobile/test/widgets/settings_screen_test.dart: SettingsScreen toggles theme, locale, and region                         01:28 +80 -6: /Users/andrejprus/Library/CloudStorage/Dropbox/projects/allmoviesmobile/test/widgets/settings_screen_test.dart: SettingsScreen toggles theme, locale, and region                         01:29 +80 -6: /Users/andrejprus/Library/CloudStorage/Dropbox/projects/allmoviesmobile/test/widgets/settings_screen_test.dart: SettingsScreen toggles theme, locale, and region                         01:29 +80 -6: /Users/andrejprus/Library/CloudStorage/Dropbox/projects/allmoviesmobile/test/widgets/settings_screen_test.dart: SettingsScreen toggles theme, locale, and region                         

Warning: A call to drag() with finder "Found 1 widget with type "ListView" (ignoring all but first): [
  ListView(scrollDirection: vertical, AlwaysScrollableScrollPhysics, dependencies: [InheritedCupertinoTheme, MediaQuery, PrimaryScrollController, ScrollConfiguration, _InheritedTheme, _LocalizationsScope-[GlobalKey#fab85]]),
]" derived an Offset (Offset(400.0, 328.0)) that would not hit test on the specified widget.
Maybe the widget is actually off-screen, or another widget is obscuring it, or the widget cannot receive pointer events.
The finder corresponds to this RenderBox: RenderClipRect#4d6ca relayoutBoundary=up1
The hit test result at that offset is: HitTestResult(_RenderListTile#74d24@Offset(164.0, 40.0), RenderPadding#5313a@Offset(180.0, 40.0), RenderPadding#03623@Offset(180.0, 40.0), RenderSemanticsAnnotations#05d7b@Offset(180.0, 40.0), RenderPointerListener#34638@Offset(180.0, 40.0), RenderSemanticsAnnotations#190aa@Offset(180.0, 40.0), RenderMouseRegion#1d22e@Offset(180.0, 40.0), RenderSemanticsAnnotations#f3c8c@Offset(180.0, 40.0), RenderMergeSemantics#aec75@Offset(180.0, 40.0), RenderFlex#95a63@Offset(180.0, 152.0), RenderSemanticsAnnotations#b5f10@Offset(180.0, 152.0), RenderPadding#bfa2a@Offset(204.0, 168.0), RenderFlex#2e075@Offset(204.0, 224.0), RenderIntrinsicWidth#183dc@Offset(204.0, 224.0), RenderSemanticsAnnotations#31b72@Offset(204.0, 224.0), _RenderInkFeatures#a6173@Offset(204.0, 224.0), RenderCustomPaint#be6b5@Offset(204.0, 224.0), RenderPhysicalShape#69ef6@Offset(204.0, 224.0), RenderConstrainedBox#58e63@Offset(204.0, 224.0), RenderPositionedBox#ec3bb@Offset(360.0, 304.0), RenderPadding#ff00d@Offset(400.0, 328.0), RenderSemanticsAnnotations#6c4ad@Offset(400.0, 328.0), RenderPadding#eaf9a@Offset(400.0, 328.0), RenderPadding#66b83@Offset(400.0, 328.0), RenderSemanticsAnnotations#7e539@Offset(400.0, 328.0), RenderRepaintBoundary#dbb6c@Offset(400.0, 328.0), RenderIgnorePointer#9d05c@Offset(400.0, 328.0), RenderAnimatedOpacity#d68f2@Offset(400.0, 328.0), RenderRepaintBoundary#7f24e@Offset(400.0, 328.0), RenderSemanticsAnnotations#4f302@Offset(400.0, 328.0), RenderOffstage#5a10f@Offset(400.0, 328.0), RenderSemanticsAnnotations#eb7f5@Offset(400.0, 328.0), _RenderTheater#af21a@Offset(400.0, 328.0), RenderAbsorbPointer#48af5@Offset(400.0, 328.0), RenderPointerListener#31c0a@Offset(400.0, 328.0), RenderSemanticsAnnotations#8a55e@Offset(400.0, 328.0), RenderCustomPaint#d2f86@Offset(400.0, 328.0), RenderSemanticsAnnotations#dbf71@Offset(400.0, 328.0), RenderSemanticsAnnotations#35951@Offset(400.0, 328.0), RenderTapRegionSurface#07fd2@Offset(400.0, 328.0), RenderSemanticsAnnotations#a886a@Offset(400.0, 328.0), RenderSemanticsAnnotations#e6d79@Offset(400.0, 328.0), RenderSemanticsAnnotations#1ffbc@Offset(400.0, 328.0), HitTestEntry<HitTestTarget>#a597a(_ReusableRenderView#995ff), HitTestEntry<HitTestTarget>#5c28c(<AutomatedTestWidgetsFlutterBinding>))
#0      WidgetController._getElementPoint (package:flutter_test/src/controller.dart:2077:25)
#1      WidgetController.getCenter (package:flutter_test/src/controller.dart:1861:12)
#2      WidgetController.drag (package:flutter_test/src/controller.dart:1537:7)
#3      main.<anonymous closure> (file:///Users/andrejprus/Library/CloudStorage/Dropbox/projects/allmoviesmobile/test/widgets/settings_screen_test.dart:50:20)
<asynchronous suspension>
#4      testWidgets.<anonymous closure>.<anonymous closure> (package:flutter_test/src/widget_tester.dart:192:15)
<asynchronous suspension>
#5      TestWidgetsFlutterBinding._runTestBody (package:flutter_test/src/binding.dart:1059:5)
<asynchronous suspension>
#6      StackZoneSpecification._registerCallback.<anonymous closure> (package:stack_trace/src/stack_zone_specification.dart:114:42)
<asynchronous suspension>
To silence this warning, pass "warnIfMissed: false" to "drag()".
To make this warning fatal, set WidgetController.hitTestWarningShouldBeFatal to true.


Warning: A call to tap() with finder "Found 1 widget with text containing Region: [
  Text("Region", dependencies: [DefaultSelectionStyle, DefaultTextStyle, MediaQuery]),
]" derived an Offset (Offset(416.0, 339.2)) that would not hit test on the specified widget.
Maybe the widget is actually off-screen, or another widget is obscuring it, or the widget cannot receive pointer events.
The finder corresponds to this RenderBox: RenderParagraph#bb715 relayoutBoundary=up13
The hit test result at that offset is: HitTestResult(_RenderListTile#74d24@Offset(180.0, 51.2), RenderPadding#5313a@Offset(196.0, 51.2), RenderPadding#03623@Offset(196.0, 51.2), RenderSemanticsAnnotations#05d7b@Offset(196.0, 51.2), RenderPointerListener#34638@Offset(196.0, 51.2), RenderSemanticsAnnotations#190aa@Offset(196.0, 51.2), RenderMouseRegion#1d22e@Offset(196.0, 51.2), RenderSemanticsAnnotations#f3c8c@Offset(196.0, 51.2), RenderMergeSemantics#aec75@Offset(196.0, 51.2), RenderFlex#95a63@Offset(196.0, 163.2), RenderSemanticsAnnotations#b5f10@Offset(196.0, 163.2), RenderPadding#bfa2a@Offset(220.0, 179.2), RenderFlex#2e075@Offset(220.0, 235.2), RenderIntrinsicWidth#183dc@Offset(220.0, 235.2), RenderSemanticsAnnotations#31b72@Offset(220.0, 235.2), _RenderInkFeatures#a6173@Offset(220.0, 235.2), RenderCustomPaint#be6b5@Offset(220.0, 235.2), RenderPhysicalShape#69ef6@Offset(220.0, 235.2), RenderConstrainedBox#58e63@Offset(220.0, 235.2), RenderPositionedBox#ec3bb@Offset(376.0, 315.2), RenderPadding#ff00d@Offset(416.0, 339.2), RenderSemanticsAnnotations#6c4ad@Offset(416.0, 339.2), RenderPadding#eaf9a@Offset(416.0, 339.2), RenderPadding#66b83@Offset(416.0, 339.2), RenderSemanticsAnnotations#7e539@Offset(416.0, 339.2), RenderRepaintBoundary#dbb6c@Offset(416.0, 339.2), RenderIgnorePointer#9d05c@Offset(416.0, 339.2), RenderAnimatedOpacity#d68f2@Offset(416.0, 339.2), RenderRepaintBoundary#7f24e@Offset(416.0, 339.2), RenderSemanticsAnnotations#4f302@Offset(416.0, 339.2), RenderOffstage#5a10f@Offset(416.0, 339.2), RenderSemanticsAnnotations#eb7f5@Offset(416.0, 339.2), _RenderTheater#af21a@Offset(416.0, 339.2), RenderAbsorbPointer#48af5@Offset(416.0, 339.2), RenderPointerListener#31c0a@Offset(416.0, 339.2), RenderSemanticsAnnotations#8a55e@Offset(416.0, 339.2), RenderCustomPaint#d2f86@Offset(416.0, 339.2), RenderSemanticsAnnotations#dbf71@Offset(416.0, 339.2), RenderSemanticsAnnotations#35951@Offset(416.0, 339.2), RenderTapRegionSurface#07fd2@Offset(416.0, 339.2), RenderSemanticsAnnotations#a886a@Offset(416.0, 339.2), RenderSemanticsAnnotations#e6d79@Offset(416.0, 339.2), RenderSemanticsAnnotations#1ffbc@Offset(416.0, 339.2), HitTestEntry<HitTestTarget>#bb953(_ReusableRenderView#995ff), HitTestEntry<HitTestTarget>#67b6f(<AutomatedTestWidgetsFlutterBinding>))
#0      WidgetController._getElementPoint (package:flutter_test/src/controller.dart:2077:25)
#1      WidgetController.getCenter (package:flutter_test/src/controller.dart:1861:12)
#2      WidgetController.tap (package:flutter_test/src/controller.dart:1041:7)
#3      main.<anonymous closure> (file:///Users/andrejprus/Library/CloudStorage/Dropbox/projects/allmoviesmobile/test/widgets/settings_screen_test.dart:53:18)
<asynchronous suspension>
#4      testWidgets.<anonymous closure>.<anonymous closure> (package:flutter_test/src/widget_tester.dart:192:15)
<asynchronous suspension>
#5      TestWidgetsFlutterBinding._runTestBody (package:flutter_test/src/binding.dart:1059:5)
<asynchronous suspension>
#6      StackZoneSpecification._registerCallback.<anonymous closure> (package:stack_trace/src/stack_zone_specification.dart:114:42)
<asynchronous suspension>
To silence this warning, pass "warnIfMissed: false" to "tap()".
To make this warning fatal, set WidgetController.hitTestWarningShouldBeFatal to true.

══╡ EXCEPTION CAUGHT BY FLUTTER TEST FRAMEWORK ╞════════════════════════════════════════════════════
The following StateError was thrown running a test:
Bad state: No element

When the exception was thrown, this was the stack:
#0      Iterable.first (dart:core/iterable.dart:663:7)
#1      _FirstFinderMixin.filter (package:flutter_test/src/finders.dart:1332:28)
#3      Iterable.isEmpty (dart:core/iterable.dart:560:33)
#4      WidgetController._getElementPoint (package:flutter_test/src/controller.dart:2008:18)
#5      WidgetController.getCenter (package:flutter_test/src/controller.dart:1861:12)
#6      WidgetController.tap (package:flutter_test/src/controller.dart:1041:7)
#7      main.<anonymous closure> (file:///Users/andrejprus/Library/CloudStorage/Dropbox/projects/allmoviesmobile/test/widgets/settings_screen_test.dart:56:18)
<asynchronous suspension>
#8      testWidgets.<anonymous closure>.<anonymous closure> (package:flutter_test/src/widget_tester.dart:192:15)
<asynchronous suspension>
#9      TestWidgetsFlutterBinding._runTestBody (package:flutter_test/src/binding.dart:1059:5)
<asynchronous suspension>
<asynchronous suspension>
(elided 2 frames from dart:async-patch and package:stack_trace)

The test description was:
  SettingsScreen toggles theme, locale, and region
════════════════════════════════════════════════════════════════════════════════════════════════════
01:30 +80 -7: /Users/andrejprus/Library/CloudStorage/Dropbox/projects/allmoviesmobile/test/widgets/settings_screen_test.dart: SettingsScreen toggles theme, locale, and region [E]                     
  Test failed. See exception logs above.
  The test description was: SettingsScreen toggles theme, locale, and region
  

To run this test again: /usr/local/share/flutter/bin/cache/dart-sdk/bin/dart test /Users/andrejprus/Library/CloudStorage/Dropbox/projects/allmoviesmobile/test/widgets/settings_screen_test.dart -p vm --plain-name 'SettingsScreen toggles theme, locale, and region'
01:30 +80 -7: loading /Users/andrejprus/Library/CloudStorage/Dropbox/projects/allmoviesmobile/test/widgets/people_screen_test.dart                                                                     01:30 +80 -8: loading /Users/andrejprus/Library/CloudStorage/Dropbox/projects/allmoviesmobile/test/widgets/people_screen_test.dart [E]                                                                 
  Failed to load "/Users/andrejprus/Library/CloudStorage/Dropbox/projects/allmoviesmobile/test/widgets/people_screen_test.dart":
  Compilation failed for testPath=/Users/andrejprus/Library/CloudStorage/Dropbox/projects/allmoviesmobile/test/widgets/people_screen_test.dart: test/widgets/people_screen_test.dart:12:24: Error: The return type of the method '_FakeRepo.fetchPopularPeople' is 'Future<List<Person>>', which does not match the return type, 'Future<PaginatedResponse<Person>>', of the overridden method, 'TmdbRepository.fetchPopularPeople'.
   - 'Future' is from 'dart:async'.
   - 'List' is from 'dart:core'.
   - 'Person' is from 'package:allmovies_mobile/data/models/person_model.dart' ('lib/data/models/person_model.dart').
   - 'PaginatedResponse' is from 'package:allmovies_mobile/data/models/paginated_response.dart' ('lib/data/models/paginated_response.dart').
  Change to a subtype of 'Future<PaginatedResponse<Person>>'.
    Future<List<Person>> fetchPopularPeople({int page = 1, bool forceRefresh = false}) async => [Person(id: 1, name: 'P')];
                         ^
  lib/data/tmdb_repository.dart:597:37: Context: This is the overridden method ('fetchPopularPeople').
    Future<PaginatedResponse<Person>> fetchPopularPeople({
                                      ^
  lib/presentation/screens/people/people_screen.dart:106:46: Error: A value of type 'Person' can't be assigned to a variable of type 'PersonDetail'.
   - 'Person' is from 'package:allmovies_mobile/data/models/person_model.dart' ('lib/data/models/person_model.dart').
   - 'PersonDetail' is from 'package:allmovies_mobile/data/models/person_detail_model.dart' ('lib/data/models/person_detail_model.dart').
                  final PersonDetail details = await provider.loadDetails(person.id);
                                               ^
  lib/presentation/screens/people/people_screen.dart:109:47: Error: The argument type 'PersonDetail' can't be assigned to the parameter type 'Person'.
   - 'PersonDetail' is from 'package:allmovies_mobile/data/models/person_detail_model.dart' ('lib/data/models/person_detail_model.dart').
   - 'Person' is from 'package:allmovies_mobile/data/models/person_model.dart' ('lib/data/models/person_model.dart').
                    _showPersonDetails(context, details);
                                                ^
  .

To run this test again: /usr/local/share/flutter/bin/cache/dart-sdk/bin/dart test /Users/andrejprus/Library/CloudStorage/Dropbox/projects/allmoviesmobile/test/widgets/people_screen_test.dart -p vm --plain-name 'loading /Users/andrejprus/Library/CloudStorage/Dropbox/projects/allmoviesmobile/test/widgets/people_screen_test.dart'
01:30 +80 -8: Some tests failed.                                                                                                                                                                       
